
  .   ____          _            __ _ _
 /\\ / ___'_ __ _ _(_)_ __  __ _ \ \ \ \
( ( )\___ | '_ | '_| | '_ \/ _` | \ \ \ \
 \\/  ___)| |_)| | | | | || (_| |  ) ) ) )
  '  |____| .__|_| |_|_| |_\__, | / / / /
 =========|_|==============|___/=/_/_/_/

 :: Spring Boot ::                (v3.5.6)

2026-06-01T10:53:26.292+07:00  INFO 11984 --- [report-service] [           main] c.p.r.ReportServiceApplication           : Starting ReportServiceApplication v0.0.1-SNAPSHOT using Java 21.0.9 with PID 11984 (F:\AnVD\dev\java-spring-boot-microservice\report-service\target\report-service-0.0.1-SNAPSHOT.jar started by anvud in F:\AnVD\dev\java-spring-boot-microservice\report-service)
2026-06-01T10:53:26.292+07:00  INFO 11984 --- [report-service] [           main] c.p.r.ReportServiceApplication           : No active profile set, falling back to 1 default profile: "default"
2026-06-01T10:53:27.470+07:00  INFO 11984 --- [report-service] [           main] .s.d.r.c.RepositoryConfigurationDelegate : Multiple Spring Data modules found, entering strict repository configuration mode
2026-06-01T10:53:27.470+07:00  INFO 11984 --- [report-service] [           main] .s.d.r.c.RepositoryConfigurationDelegate : Bootstrapping Spring Data JPA repositories in DEFAULT mode.
2026-06-01T10:53:27.629+07:00  INFO 11984 --- [report-service] [           main] .s.d.r.c.RepositoryConfigurationDelegate : Finished Spring Data repository scanning in 139 ms. Found 1 JPA repository interface.
2026-06-01T10:53:27.961+07:00  INFO 11984 --- [report-service] [           main] o.s.cloud.context.scope.GenericScope     : BeanFactory id=695c0de1-a090-34b8-bf7a-e65d63ad8a79
2026-06-01T10:53:28.609+07:00  INFO 11984 --- [report-service] [           main] o.s.b.w.embedded.tomcat.TomcatWebServer  : Tomcat initialized with port 8084 (http)
2026-06-01T10:53:28.633+07:00  INFO 11984 --- [report-service] [           main] o.apache.catalina.core.StandardService   : Starting service [Tomcat]
2026-06-01T10:53:28.633+07:00  INFO 11984 --- [report-service] [           main] o.apache.catalina.core.StandardEngine    : Starting Servlet engine: [Apache Tomcat/10.1.46]
2026-06-01T10:53:28.685+07:00  INFO 11984 --- [report-service] [           main] o.a.c.c.C.[Tomcat].[localhost].[/]       : Initializing Spring embedded WebApplicationContext
2026-06-01T10:53:28.685+07:00  INFO 11984 --- [report-service] [           main] w.s.c.ServletWebServerApplicationContext : Root WebApplicationContext: initialization completed in 2329 ms
2026-06-01T10:53:28.885+07:00  INFO 11984 --- [report-service] [           main] com.zaxxer.hikari.HikariDataSource       : HikariPool-1 - Starting...
2026-06-01T10:53:29.135+07:00  INFO 11984 --- [report-service] [           main] com.zaxxer.hikari.pool.HikariPool        : HikariPool-1 - Added connection org.postgresql.jdbc.PgConnection@543b0737
2026-06-01T10:53:29.135+07:00  INFO 11984 --- [report-service] [           main] com.zaxxer.hikari.HikariDataSource       : HikariPool-1 - Start completed.
2026-06-01T10:53:29.277+07:00  INFO 11984 --- [report-service] [           main] liquibase.database                       : Set default schema name to public
2026-06-01T10:53:29.887+07:00  INFO 11984 --- [report-service] [           main] liquibase.changelog                      : Creating database history table with name: public.databasechangelog
2026-06-01T10:53:29.950+07:00  INFO 11984 --- [report-service] [           main] liquibase.changelog                      : Reading from public.databasechangelog
2026-06-01T10:53:29.977+07:00  INFO 11984 --- [report-service] [           main] liquibase.snapshot                       : Creating snapshot
2026-06-01T10:53:30.056+07:00  INFO 11984 --- [report-service] [           main] liquibase.lockservice                    : Successfully acquired change log lock
2026-06-01T10:53:30.056+07:00  INFO 11984 --- [report-service] [           main] liquibase.command                        : Using deploymentId: 0286008860
2026-06-01T10:53:30.056+07:00  INFO 11984 --- [report-service] [           main] liquibase.changelog                      : Reading from public.databasechangelog
2026-06-01T10:53:30.078+07:00  INFO 11984 --- [report-service] [           main] liquibase.ui                             : Running Changeset: db/changelog/000000_initial_schema_report_service.xml::1-create-reports::anvd35
2026-06-01T10:53:30.090+07:00  INFO 11984 --- [report-service] [           main] liquibase.changelog                      : Table reports created
2026-06-01T10:53:30.090+07:00  INFO 11984 --- [report-service] [           main] liquibase.changelog                      : ChangeSet db/changelog/000000_initial_schema_report_service.xml::1-create-reports::anvd35 ran successfully in 12ms
2026-06-01T10:53:30.104+07:00  INFO 11984 --- [report-service] [           main] liquibase.util                           : UPDATE SUMMARY
2026-06-01T10:53:30.104+07:00  INFO 11984 --- [report-service] [           main] liquibase.util                           : Run:                          1
2026-06-01T10:53:30.104+07:00  INFO 11984 --- [report-service] [           main] liquibase.util                           : Previously run:               0
2026-06-01T10:53:30.104+07:00  INFO 11984 --- [report-service] [           main] liquibase.util                           : Filtered out:                 0
2026-06-01T10:53:30.107+07:00  INFO 11984 --- [report-service] [           main] liquibase.util                           : -------------------------------
2026-06-01T10:53:30.107+07:00  INFO 11984 --- [report-service] [           main] liquibase.util                           : Total change sets:            1
2026-06-01T10:53:30.107+07:00  INFO 11984 --- [report-service] [           main] liquibase.util                           : Update summary generated
2026-06-01T10:53:30.107+07:00  INFO 11984 --- [report-service] [           main] liquibase.command                        : Update command completed successfully.
2026-06-01T10:53:30.107+07:00  INFO 11984 --- [report-service] [           main] liquibase.ui                             : Liquibase: Update has been successful. Rows affected: 1
2026-06-01T10:53:30.107+07:00  INFO 11984 --- [report-service] [           main] liquibase.lockservice                    : Successfully released change log lock
2026-06-01T10:53:30.107+07:00  INFO 11984 --- [report-service] [           main] liquibase.command                        : Command execution complete
2026-06-01T10:53:31.699+07:00 DEBUG 11984 --- [report-service] [           main] j.LocalContainerEntityManagerFactoryBean : Building JPA container EntityManagerFactory for persistence unit 'default'
2026-06-01T10:53:31.724+07:00  INFO 11984 --- [report-service] [           main] o.hibernate.jpa.internal.util.LogHelper  : HHH000204: Processing PersistenceUnitInfo [name: default]
2026-06-01T10:53:31.798+07:00  INFO 11984 --- [report-service] [           main] org.hibernate.Version                    : HHH000412: Hibernate ORM core version 6.6.29.Final
2026-06-01T10:53:31.830+07:00  INFO 11984 --- [report-service] [           main] o.h.c.internal.RegionFactoryInitiator    : HHH000026: Second-level cache disabled
2026-06-01T10:53:32.113+07:00  INFO 11984 --- [report-service] [           main] o.s.o.j.p.SpringPersistenceUnitInfo      : No LoadTimeWeaver setup: ignoring JPA class transformer
2026-06-01T10:53:32.166+07:00  WARN 11984 --- [report-service] [           main] org.hibernate.orm.deprecation            : HHH90000025: PostgreSQLDialect does not need to be specified explicitly using 'hibernate.dialect' (remove the property setting and it will be selected by default)
2026-06-01T10:53:32.177+07:00  INFO 11984 --- [report-service] [           main] org.hibernate.orm.connections.pooling    : HHH10001005: Database info:
	Database JDBC URL [Connecting through datasource 'HikariDataSource (HikariPool-1)']
	Database driver: undefined/unknown
	Database version: 18.1
	Autocommit mode: undefined/unknown
	Isolation level: undefined/unknown
	Minimum pool size: undefined/unknown
	Maximum pool size: undefined/unknown
2026-06-01T10:53:32.969+07:00  INFO 11984 --- [report-service] [           main] o.h.e.t.j.p.i.JtaPlatformInitiator       : HHH000489: No JTA platform available (set 'hibernate.transaction.jta.platform' to enable JTA platform integration)
2026-06-01T10:53:32.974+07:00  INFO 11984 --- [report-service] [           main] j.LocalContainerEntityManagerFactoryBean : Initialized JPA EntityManagerFactory for persistence unit 'default'
2026-06-01T10:53:33.092+07:00  WARN 11984 --- [report-service] [           main] JpaBaseConfiguration$JpaWebConfiguration : spring.jpa.open-in-view is enabled by default. Therefore, database queries may be performed during view rendering. Explicitly configure spring.jpa.open-in-view to disable this warning
2026-06-01T10:53:33.200+07:00 TRACE 11984 --- [report-service] [           main] s.w.s.m.m.a.RequestMappingHandlerMapping : 
	c.p.r.c.ReportController:
	{GET [/api/v1/reports/health]}: health()
2026-06-01T10:53:33.209+07:00 TRACE 11984 --- [report-service] [           main] s.w.s.m.m.a.RequestMappingHandlerMapping : 
	o.s.b.a.w.s.e.BasicErrorController:
	{ [/error]}: error(HttpServletRequest)
	{ [/error], produces [text/html]}: errorHtml(HttpServletRequest,HttpServletResponse)
2026-06-01T10:53:33.214+07:00 DEBUG 11984 --- [report-service] [           main] s.w.s.m.m.a.RequestMappingHandlerMapping : 3 mappings in 'requestMappingHandlerMapping'
2026-06-01T10:53:33.353+07:00 DEBUG 11984 --- [report-service] [           main] swordEncoderAuthenticationManagerBuilder : No authenticationProviders and no parentAuthenticationManager defined. Returning null.
2026-06-01T10:53:33.466+07:00 DEBUG 11984 --- [report-service] [           main] o.s.s.web.DefaultSecurityFilterChain     : Will secure Or [Mvc [pattern='/api/v1/reports/**']] with filters: DisableEncodeUrlFilter, WebAsyncManagerIntegrationFilter, SecurityContextHolderFilter, HeaderWriterFilter, LogoutFilter, InternalAuthFilter, RequestCacheAwareFilter, SecurityContextHolderAwareRequestFilter, AnonymousAuthenticationFilter, SessionManagementFilter, ExceptionTranslationFilter, AuthorizationFilter
2026-06-01T10:53:35.492+07:00  INFO 11984 --- [report-service] [           main] o.s.cloud.commons.util.InetUtils         : Cannot determine local hostname
2026-06-01T10:53:35.524+07:00  INFO 11984 --- [report-service] [           main] DiscoveryClientOptionalArgsConfiguration : Eureka HTTP Client uses RestTemplate.
2026-06-01T10:53:35.579+07:00  WARN 11984 --- [report-service] [           main] iguration$LoadBalancerCaffeineWarnLogger : Spring Cloud LoadBalancer is currently working with the default cache. While this cache implementation is useful for development and tests, it's recommended to use Caffeine cache in production.You can switch to using Caffeine cache, by adding it and org.springframework.cache.caffeine.CaffeineCacheManager to the classpath.
2026-06-01T10:53:35.611+07:00  INFO 11984 --- [report-service] [           main] o.s.b.w.embedded.tomcat.TomcatWebServer  : Tomcat started on port 8084 (http) with context path '/'
2026-06-01T10:53:36.643+07:00  INFO 11984 --- [report-service] [           main] o.s.cloud.commons.util.InetUtils         : Cannot determine local hostname
2026-06-01T10:53:36.654+07:00  INFO 11984 --- [report-service] [           main] c.p.r.ReportServiceApplication           : Started ReportServiceApplication in 11.996 seconds (process running for 12.658)
2026-06-01T10:53:49.308+07:00  INFO 11984 --- [report-service] [nio-8084-exec-1] o.a.c.c.C.[Tomcat].[localhost].[/]       : Initializing Spring DispatcherServlet 'dispatcherServlet'
2026-06-01T10:53:49.308+07:00  INFO 11984 --- [report-service] [nio-8084-exec-1] o.s.web.servlet.DispatcherServlet        : Initializing Servlet 'dispatcherServlet'
2026-06-01T10:53:49.308+07:00  INFO 11984 --- [report-service] [nio-8084-exec-1] o.s.web.servlet.DispatcherServlet        : Completed initialization in 0 ms
2026-06-01T10:53:49.340+07:00 DEBUG 11984 --- [report-service] [nio-8084-exec-1] o.s.security.web.FilterChainProxy        : Securing GET /api/v1/reports/health
2026-06-01T10:53:49.346+07:00 DEBUG 11984 --- [report-service] [nio-8084-exec-1] o.s.s.w.a.AnonymousAuthenticationFilter  : Set SecurityContextHolder to anonymous SecurityContext
2026-06-01T10:53:49.442+07:00 DEBUG 11984 --- [report-service] [nio-8084-exec-3] o.s.security.web.FilterChainProxy        : Securing GET /api/v1/reports/health
2026-06-01T10:53:49.452+07:00 DEBUG 11984 --- [report-service] [nio-8084-exec-3] o.s.s.w.a.AnonymousAuthenticationFilter  : Set SecurityContextHolder to anonymous SecurityContext
2026-06-01T10:53:49.500+07:00 DEBUG 11984 --- [report-service] [nio-8084-exec-4] o.s.security.web.FilterChainProxy        : Securing GET /api/v1/reports/health
2026-06-01T10:53:49.500+07:00 DEBUG 11984 --- [report-service] [nio-8084-exec-4] o.s.security.web.FilterChainProxy        : Secured GET /api/v1/reports/health
2026-06-01T10:53:49.500+07:00 TRACE 11984 --- [report-service] [nio-8084-exec-4] s.w.s.m.m.a.RequestMappingHandlerMapping : Mapped to com.project.report_service.controller.ReportController#health()
2026-06-01T10:53:49.500+07:00 DEBUG 11984 --- [report-service] [nio-8084-exec-4] o.j.s.OpenEntityManagerInViewInterceptor : Opening JPA EntityManager in OpenEntityManagerInViewInterceptor
2026-06-01T10:53:49.547+07:00 DEBUG 11984 --- [report-service] [nio-8084-exec-4] horizationManagerBeforeMethodInterceptor : Authorizing method invocation ReflectiveMethodInvocation: public org.springframework.http.ResponseEntity com.project.report_service.controller.ReportController.health(); target is of class [com.project.report_service.controller.ReportController]
2026-06-01T10:53:49.570+07:00 DEBUG 11984 --- [report-service] [nio-8084-exec-4] horizationManagerBeforeMethodInterceptor : Authorized method invocation ReflectiveMethodInvocation: public org.springframework.http.ResponseEntity com.project.report_service.controller.ReportController.health(); target is of class [com.project.report_service.controller.ReportController]
2026-06-01T10:53:49.588+07:00 DEBUG 11984 --- [report-service] [nio-8084-exec-4] o.j.s.OpenEntityManagerInViewInterceptor : Closing JPA EntityManager in OpenEntityManagerInViewInterceptor
2026-06-01T10:53:49.635+07:00 DEBUG 11984 --- [report-service] [nio-8084-exec-6] o.s.security.web.FilterChainProxy        : Securing GET /api/v1/reports/health
2026-06-01T10:53:49.635+07:00 DEBUG 11984 --- [report-service] [nio-8084-exec-6] o.s.security.web.FilterChainProxy        : Secured GET /api/v1/reports/health
2026-06-01T10:53:49.635+07:00 TRACE 11984 --- [report-service] [nio-8084-exec-6] s.w.s.m.m.a.RequestMappingHandlerMapping : Mapped to com.project.report_service.controller.ReportController#health()
2026-06-01T10:53:49.635+07:00 DEBUG 11984 --- [report-service] [nio-8084-exec-6] o.j.s.OpenEntityManagerInViewInterceptor : Opening JPA EntityManager in OpenEntityManagerInViewInterceptor
2026-06-01T10:53:49.635+07:00 DEBUG 11984 --- [report-service] [nio-8084-exec-6] horizationManagerBeforeMethodInterceptor : Authorizing method invocation ReflectiveMethodInvocation: public org.springframework.http.ResponseEntity com.project.report_service.controller.ReportController.health(); target is of class [com.project.report_service.controller.ReportController]
2026-06-01T10:53:49.641+07:00 DEBUG 11984 --- [report-service] [nio-8084-exec-6] horizationManagerBeforeMethodInterceptor : Failed to authorize ReflectiveMethodInvocation: public org.springframework.http.ResponseEntity com.project.report_service.controller.ReportController.health(); target is of class [com.project.report_service.controller.ReportController] with authorization manager org.springframework.security.authorization.method.PreAuthorizeAuthorizationManager@54ffc944 and result ExpressionAuthorizationDecision [granted=false, expressionAttribute=hasAnyRole('ADMIN', 'MANAGER', 'USER')]
2026-06-01T10:53:49.641+07:00 DEBUG 11984 --- [report-service] [nio-8084-exec-6] o.j.s.OpenEntityManagerInViewInterceptor : Closing JPA EntityManager in OpenEntityManagerInViewInterceptor
