
  .   ____          _            __ _ _
 /\\ / ___'_ __ _ _(_)_ __  __ _ \ \ \ \
( ( )\___ | '_ | '_| | '_ \/ _` | \ \ \ \
 \\/  ___)| |_)| | | | | || (_| |  ) ) ) )
  '  |____| .__|_| |_|_| |_\__, | / / / /
 =========|_|==============|___/=/_/_/_/

 :: Spring Boot ::                (v3.5.6)

2026-06-01T11:08:24.192+07:00  INFO 8628 --- [documents-service] [           main] c.p.d.DocumentsServiceApplication        : Starting DocumentsServiceApplication v0.0.1-SNAPSHOT using Java 21.0.9 with PID 8628 (F:\AnVD\dev\java-spring-boot-microservice\documents-service\target\documents-service-0.0.1-SNAPSHOT.jar started by anvud in F:\AnVD\dev\java-spring-boot-microservice\elearning-service)
2026-06-01T11:08:24.202+07:00  INFO 8628 --- [documents-service] [           main] c.p.d.DocumentsServiceApplication        : No active profile set, falling back to 1 default profile: "default"
2026-06-01T11:08:27.126+07:00  INFO 8628 --- [documents-service] [           main] .s.d.r.c.RepositoryConfigurationDelegate : Multiple Spring Data modules found, entering strict repository configuration mode
2026-06-01T11:08:27.132+07:00  INFO 8628 --- [documents-service] [           main] .s.d.r.c.RepositoryConfigurationDelegate : Bootstrapping Spring Data JPA repositories in DEFAULT mode.
2026-06-01T11:08:27.473+07:00  INFO 8628 --- [documents-service] [           main] .s.d.r.c.RepositoryConfigurationDelegate : Finished Spring Data repository scanning in 323 ms. Found 1 JPA repository interface.
2026-06-01T11:08:28.312+07:00  INFO 8628 --- [documents-service] [           main] o.s.cloud.context.scope.GenericScope     : BeanFactory id=5a3c9ff9-b854-3f83-917d-9e52901c4766
2026-06-01T11:08:31.960+07:00  INFO 8628 --- [documents-service] [           main] o.s.b.w.embedded.tomcat.TomcatWebServer  : Tomcat initialized with port 8085 (http)
2026-06-01T11:08:31.996+07:00  INFO 8628 --- [documents-service] [           main] o.apache.catalina.core.StandardService   : Starting service [Tomcat]
2026-06-01T11:08:31.997+07:00  INFO 8628 --- [documents-service] [           main] o.apache.catalina.core.StandardEngine    : Starting Servlet engine: [Apache Tomcat/10.1.46]
2026-06-01T11:08:32.106+07:00  INFO 8628 --- [documents-service] [           main] o.a.c.c.C.[Tomcat].[localhost].[/]       : Initializing Spring embedded WebApplicationContext
2026-06-01T11:08:32.139+07:00  INFO 8628 --- [documents-service] [           main] w.s.c.ServletWebServerApplicationContext : Root WebApplicationContext: initialization completed in 7823 ms
2026-06-01T11:08:32.957+07:00  INFO 8628 --- [documents-service] [           main] com.zaxxer.hikari.HikariDataSource       : HikariPool-1 - Starting...
2026-06-01T11:08:33.487+07:00  INFO 8628 --- [documents-service] [           main] com.zaxxer.hikari.pool.HikariPool        : HikariPool-1 - Added connection org.postgresql.jdbc.PgConnection@60652518
2026-06-01T11:08:33.490+07:00  INFO 8628 --- [documents-service] [           main] com.zaxxer.hikari.HikariDataSource       : HikariPool-1 - Start completed.
2026-06-01T11:08:34.498+07:00  INFO 8628 --- [documents-service] [           main] liquibase.database                       : Set default schema name to public
2026-06-01T11:08:36.379+07:00  INFO 8628 --- [documents-service] [           main] liquibase.changelog                      : Creating database history table with name: public.databasechangelog
2026-06-01T11:08:36.496+07:00  INFO 8628 --- [documents-service] [           main] liquibase.changelog                      : Reading from public.databasechangelog
2026-06-01T11:08:36.525+07:00  INFO 8628 --- [documents-service] [           main] liquibase.snapshot                       : Creating snapshot
2026-06-01T11:08:36.762+07:00  INFO 8628 --- [documents-service] [           main] liquibase.lockservice                    : Successfully acquired change log lock
2026-06-01T11:08:36.765+07:00  INFO 8628 --- [documents-service] [           main] liquibase.command                        : Using deploymentId: 0286912916
2026-06-01T11:08:36.768+07:00  INFO 8628 --- [documents-service] [           main] liquibase.changelog                      : Reading from public.databasechangelog
2026-06-01T11:08:36.805+07:00  INFO 8628 --- [documents-service] [           main] liquibase.ui                             : Running Changeset: db/changelog/000000_initial_schema_documents_service.xml::1-create-documents::anvd35
2026-06-01T11:08:36.829+07:00  INFO 8628 --- [documents-service] [           main] liquibase.changelog                      : Table documents created
2026-06-01T11:08:36.831+07:00  INFO 8628 --- [documents-service] [           main] liquibase.changelog                      : ChangeSet db/changelog/000000_initial_schema_documents_service.xml::1-create-documents::anvd35 ran successfully in 23ms
2026-06-01T11:08:36.851+07:00  INFO 8628 --- [documents-service] [           main] liquibase.util                           : UPDATE SUMMARY
2026-06-01T11:08:36.852+07:00  INFO 8628 --- [documents-service] [           main] liquibase.util                           : Run:                          1
2026-06-01T11:08:36.853+07:00  INFO 8628 --- [documents-service] [           main] liquibase.util                           : Previously run:               0
2026-06-01T11:08:36.854+07:00  INFO 8628 --- [documents-service] [           main] liquibase.util                           : Filtered out:                 0
2026-06-01T11:08:36.854+07:00  INFO 8628 --- [documents-service] [           main] liquibase.util                           : -------------------------------
2026-06-01T11:08:36.854+07:00  INFO 8628 --- [documents-service] [           main] liquibase.util                           : Total change sets:            1
2026-06-01T11:08:36.856+07:00  INFO 8628 --- [documents-service] [           main] liquibase.util                           : Update summary generated
2026-06-01T11:08:36.860+07:00  INFO 8628 --- [documents-service] [           main] liquibase.command                        : Update command completed successfully.
2026-06-01T11:08:36.861+07:00  INFO 8628 --- [documents-service] [           main] liquibase.ui                             : Liquibase: Update has been successful. Rows affected: 1
2026-06-01T11:08:36.864+07:00  INFO 8628 --- [documents-service] [           main] liquibase.lockservice                    : Successfully released change log lock
2026-06-01T11:08:36.866+07:00  INFO 8628 --- [documents-service] [           main] liquibase.command                        : Command execution complete
2026-06-01T11:08:38.535+07:00 DEBUG 8628 --- [documents-service] [           main] j.LocalContainerEntityManagerFactoryBean : Building JPA container EntityManagerFactory for persistence unit 'default'
2026-06-01T11:08:38.586+07:00  INFO 8628 --- [documents-service] [           main] o.hibernate.jpa.internal.util.LogHelper  : HHH000204: Processing PersistenceUnitInfo [name: default]
2026-06-01T11:08:38.734+07:00  INFO 8628 --- [documents-service] [           main] org.hibernate.Version                    : HHH000412: Hibernate ORM core version 6.6.29.Final
2026-06-01T11:08:38.813+07:00  INFO 8628 --- [documents-service] [           main] o.h.c.internal.RegionFactoryInitiator    : HHH000026: Second-level cache disabled
2026-06-01T11:08:39.490+07:00  INFO 8628 --- [documents-service] [           main] o.s.o.j.p.SpringPersistenceUnitInfo      : No LoadTimeWeaver setup: ignoring JPA class transformer
2026-06-01T11:08:39.580+07:00  WARN 8628 --- [documents-service] [           main] org.hibernate.orm.deprecation            : HHH90000025: PostgreSQLDialect does not need to be specified explicitly using 'hibernate.dialect' (remove the property setting and it will be selected by default)
2026-06-01T11:08:39.596+07:00  INFO 8628 --- [documents-service] [           main] org.hibernate.orm.connections.pooling    : HHH10001005: Database info:
	Database JDBC URL [Connecting through datasource 'HikariDataSource (HikariPool-1)']
	Database driver: undefined/unknown
	Database version: 18.1
	Autocommit mode: undefined/unknown
	Isolation level: undefined/unknown
	Minimum pool size: undefined/unknown
	Maximum pool size: undefined/unknown
2026-06-01T11:08:40.731+07:00  INFO 8628 --- [documents-service] [           main] o.h.e.t.j.p.i.JtaPlatformInitiator       : HHH000489: No JTA platform available (set 'hibernate.transaction.jta.platform' to enable JTA platform integration)
2026-06-01T11:08:40.747+07:00  INFO 8628 --- [documents-service] [           main] j.LocalContainerEntityManagerFactoryBean : Initialized JPA EntityManagerFactory for persistence unit 'default'
2026-06-01T11:08:41.000+07:00  WARN 8628 --- [documents-service] [           main] JpaBaseConfiguration$JpaWebConfiguration : spring.jpa.open-in-view is enabled by default. Therefore, database queries may be performed during view rendering. Explicitly configure spring.jpa.open-in-view to disable this warning
2026-06-01T11:08:41.239+07:00 TRACE 8628 --- [documents-service] [           main] s.w.s.m.m.a.RequestMappingHandlerMapping : 
	c.p.d.c.DocumentController:
	{GET [/api/v1/documents/health]}: health()
2026-06-01T11:08:41.284+07:00 TRACE 8628 --- [documents-service] [           main] s.w.s.m.m.a.RequestMappingHandlerMapping : 
	o.s.b.a.w.s.e.BasicErrorController:
	{ [/error]}: error(HttpServletRequest)
	{ [/error], produces [text/html]}: errorHtml(HttpServletRequest,HttpServletResponse)
2026-06-01T11:08:41.292+07:00 DEBUG 8628 --- [documents-service] [           main] s.w.s.m.m.a.RequestMappingHandlerMapping : 3 mappings in 'requestMappingHandlerMapping'
2026-06-01T11:08:41.778+07:00 DEBUG 8628 --- [documents-service] [           main] swordEncoderAuthenticationManagerBuilder : No authenticationProviders and no parentAuthenticationManager defined. Returning null.
2026-06-01T11:08:41.993+07:00 DEBUG 8628 --- [documents-service] [           main] o.s.s.web.DefaultSecurityFilterChain     : Will secure Or [Mvc [pattern='/api/v1/documents/**']] with filters: DisableEncodeUrlFilter, WebAsyncManagerIntegrationFilter, SecurityContextHolderFilter, HeaderWriterFilter, LogoutFilter, InternalAuthFilter, RequestCacheAwareFilter, SecurityContextHolderAwareRequestFilter, AnonymousAuthenticationFilter, SessionManagementFilter, ExceptionTranslationFilter, AuthorizationFilter
2026-06-01T11:08:45.988+07:00  INFO 8628 --- [documents-service] [           main] o.s.cloud.commons.util.InetUtils         : Cannot determine local hostname
2026-06-01T11:08:46.007+07:00  INFO 8628 --- [documents-service] [           main] DiscoveryClientOptionalArgsConfiguration : Eureka HTTP Client uses RestTemplate.
2026-06-01T11:08:46.058+07:00  WARN 8628 --- [documents-service] [           main] iguration$LoadBalancerCaffeineWarnLogger : Spring Cloud LoadBalancer is currently working with the default cache. While this cache implementation is useful for development and tests, it's recommended to use Caffeine cache in production.You can switch to using Caffeine cache, by adding it and org.springframework.cache.caffeine.CaffeineCacheManager to the classpath.
2026-06-01T11:08:46.086+07:00  INFO 8628 --- [documents-service] [           main] o.s.b.w.embedded.tomcat.TomcatWebServer  : Tomcat started on port 8085 (http) with context path '/'
2026-06-01T11:08:47.109+07:00  INFO 8628 --- [documents-service] [           main] o.s.cloud.commons.util.InetUtils         : Cannot determine local hostname
2026-06-01T11:08:47.121+07:00  INFO 8628 --- [documents-service] [           main] c.p.d.DocumentsServiceApplication        : Started DocumentsServiceApplication in 25.029 seconds (process running for 26.507)
2026-06-01T11:08:58.930+07:00  INFO 8628 --- [documents-service] [nio-8085-exec-1] o.a.c.c.C.[Tomcat].[localhost].[/]       : Initializing Spring DispatcherServlet 'dispatcherServlet'
2026-06-01T11:08:58.933+07:00  INFO 8628 --- [documents-service] [nio-8085-exec-1] o.s.web.servlet.DispatcherServlet        : Initializing Servlet 'dispatcherServlet'
2026-06-01T11:08:58.934+07:00  INFO 8628 --- [documents-service] [nio-8085-exec-1] o.s.web.servlet.DispatcherServlet        : Completed initialization in 1 ms
2026-06-01T11:08:58.950+07:00 DEBUG 8628 --- [documents-service] [nio-8085-exec-1] o.s.security.web.FilterChainProxy        : Securing GET /api/v1/documents/health
2026-06-01T11:08:58.955+07:00 DEBUG 8628 --- [documents-service] [nio-8085-exec-1] o.s.s.w.a.AnonymousAuthenticationFilter  : Set SecurityContextHolder to anonymous SecurityContext
2026-06-01T11:08:59.051+07:00 DEBUG 8628 --- [documents-service] [nio-8085-exec-2] o.s.security.web.FilterChainProxy        : Securing GET /api/v1/documents/health
2026-06-01T11:08:59.054+07:00 DEBUG 8628 --- [documents-service] [nio-8085-exec-2] o.s.s.w.a.AnonymousAuthenticationFilter  : Set SecurityContextHolder to anonymous SecurityContext
2026-06-01T11:08:59.087+07:00 DEBUG 8628 --- [documents-service] [nio-8085-exec-4] o.s.security.web.FilterChainProxy        : Securing GET /api/v1/documents/health
2026-06-01T11:08:59.090+07:00 DEBUG 8628 --- [documents-service] [nio-8085-exec-4] o.s.security.web.FilterChainProxy        : Secured GET /api/v1/documents/health
2026-06-01T11:08:59.092+07:00 TRACE 8628 --- [documents-service] [nio-8085-exec-4] s.w.s.m.m.a.RequestMappingHandlerMapping : Mapped to com.project.documents_service.controller.DocumentController#health()
2026-06-01T11:08:59.095+07:00 DEBUG 8628 --- [documents-service] [nio-8085-exec-4] o.j.s.OpenEntityManagerInViewInterceptor : Opening JPA EntityManager in OpenEntityManagerInViewInterceptor
2026-06-01T11:08:59.135+07:00 DEBUG 8628 --- [documents-service] [nio-8085-exec-4] horizationManagerBeforeMethodInterceptor : Authorizing method invocation ReflectiveMethodInvocation: public org.springframework.http.ResponseEntity com.project.documents_service.controller.DocumentController.health(); target is of class [com.project.documents_service.controller.DocumentController]
2026-06-01T11:08:59.159+07:00 DEBUG 8628 --- [documents-service] [nio-8085-exec-4] horizationManagerBeforeMethodInterceptor : Authorized method invocation ReflectiveMethodInvocation: public org.springframework.http.ResponseEntity com.project.documents_service.controller.DocumentController.health(); target is of class [com.project.documents_service.controller.DocumentController]
2026-06-01T11:08:59.178+07:00 DEBUG 8628 --- [documents-service] [nio-8085-exec-4] o.j.s.OpenEntityManagerInViewInterceptor : Closing JPA EntityManager in OpenEntityManagerInViewInterceptor
2026-06-01T11:08:59.225+07:00 DEBUG 8628 --- [documents-service] [nio-8085-exec-6] o.s.security.web.FilterChainProxy        : Securing GET /api/v1/documents/health
2026-06-01T11:08:59.226+07:00 DEBUG 8628 --- [documents-service] [nio-8085-exec-6] o.s.security.web.FilterChainProxy        : Secured GET /api/v1/documents/health
2026-06-01T11:08:59.226+07:00 TRACE 8628 --- [documents-service] [nio-8085-exec-6] s.w.s.m.m.a.RequestMappingHandlerMapping : Mapped to com.project.documents_service.controller.DocumentController#health()
2026-06-01T11:08:59.226+07:00 DEBUG 8628 --- [documents-service] [nio-8085-exec-6] o.j.s.OpenEntityManagerInViewInterceptor : Opening JPA EntityManager in OpenEntityManagerInViewInterceptor
2026-06-01T11:08:59.227+07:00 DEBUG 8628 --- [documents-service] [nio-8085-exec-6] horizationManagerBeforeMethodInterceptor : Authorizing method invocation ReflectiveMethodInvocation: public org.springframework.http.ResponseEntity com.project.documents_service.controller.DocumentController.health(); target is of class [com.project.documents_service.controller.DocumentController]
2026-06-01T11:08:59.227+07:00 DEBUG 8628 --- [documents-service] [nio-8085-exec-6] horizationManagerBeforeMethodInterceptor : Authorized method invocation ReflectiveMethodInvocation: public org.springframework.http.ResponseEntity com.project.documents_service.controller.DocumentController.health(); target is of class [com.project.documents_service.controller.DocumentController]
2026-06-01T11:08:59.228+07:00 DEBUG 8628 --- [documents-service] [nio-8085-exec-6] o.j.s.OpenEntityManagerInViewInterceptor : Closing JPA EntityManager in OpenEntityManagerInViewInterceptor
2026-06-01T11:08:59.273+07:00 DEBUG 8628 --- [documents-service] [nio-8085-exec-8] o.s.security.web.FilterChainProxy        : Securing GET /api/v1/documents/health
2026-06-01T11:08:59.274+07:00 DEBUG 8628 --- [documents-service] [nio-8085-exec-8] o.s.security.web.FilterChainProxy        : Secured GET /api/v1/documents/health
2026-06-01T11:08:59.274+07:00 TRACE 8628 --- [documents-service] [nio-8085-exec-8] s.w.s.m.m.a.RequestMappingHandlerMapping : Mapped to com.project.documents_service.controller.DocumentController#health()
2026-06-01T11:08:59.275+07:00 DEBUG 8628 --- [documents-service] [nio-8085-exec-8] o.j.s.OpenEntityManagerInViewInterceptor : Opening JPA EntityManager in OpenEntityManagerInViewInterceptor
2026-06-01T11:08:59.275+07:00 DEBUG 8628 --- [documents-service] [nio-8085-exec-8] horizationManagerBeforeMethodInterceptor : Authorizing method invocation ReflectiveMethodInvocation: public org.springframework.http.ResponseEntity com.project.documents_service.controller.DocumentController.health(); target is of class [com.project.documents_service.controller.DocumentController]
2026-06-01T11:08:59.277+07:00 DEBUG 8628 --- [documents-service] [nio-8085-exec-8] horizationManagerBeforeMethodInterceptor : Failed to authorize ReflectiveMethodInvocation: public org.springframework.http.ResponseEntity com.project.documents_service.controller.DocumentController.health(); target is of class [com.project.documents_service.controller.DocumentController] with authorization manager org.springframework.security.authorization.method.PreAuthorizeAuthorizationManager@5ab29ed3 and result ExpressionAuthorizationDecision [granted=false, expressionAttribute=hasAnyRole('ADMIN', 'MANAGER', 'USER')]
2026-06-01T11:08:59.281+07:00 DEBUG 8628 --- [documents-service] [nio-8085-exec-8] o.j.s.OpenEntityManagerInViewInterceptor : Closing JPA EntityManager in OpenEntityManagerInViewInterceptor
